"\0Symfony\\Component\\Validator\\ConstraintViolationList\0violations":
    - { messageTemplate: 'This value is not a valid URL.', parameters: { '{{ value }}': '"invalid-uri"' }, plural: null, message: 'This value is not a valid URL.', root: { id: null, uri: invalid-uri, expireAt: '2010-01-01T00:00:00+03:00' }, propertyPath: uri, invalidValue: invalid-uri, constraint: { defaultOption: null, requiredOptions: {  }, targets: property, message: 'This value is not a valid URL.', protocols: [http, https], relativeProtocol: false, normalizer: null, payload: null }, cause: null, code: 57c2f299-1154-4870-89bb-ef3b1f5ad229 }
    - { messageTemplate: 'The value should be in future', parameters: {  }, plural: null, message: 'The value should be in future', root: { id: null, uri: invalid-uri, expireAt: '2010-01-01T00:00:00+03:00' }, propertyPath: expireAt, invalidValue: '2010-01-01T00:00:00+03:00', constraint: { defaultOption: null, requiredOptions: {  }, targets: property, message: 'The value should be in future', payload: null }, cause: null, code: null }
