id: 1
uri: 'http://ya.ru/'
expireAt: '2025-01-01T00:00:00+03:00'
