"\0Symfony\\Component\\Validator\\ConstraintViolationList\0violations":
    - { messageTemplate: 'This value should not be blank.', parameters: { '{{ value }}': '""' }, plural: null, message: 'This value should not be blank.', root: { id: null, uri: '', expireAt: '2010-01-01T00:00:00+03:00' }, propertyPath: uri, invalidValue: '', constraint: { defaultOption: null, requiredOptions: {  }, targets: property, message: 'This value should not be blank.', allowNull: false, normalizer: null, payload: null }, cause: null, code: c1051bb4-d103-4f74-8988-acbcafc7fdc3 }
    - { messageTemplate: 'The value should be in future', parameters: {  }, plural: null, message: 'The value should be in future', root: { id: null, uri: '', expireAt: '2010-01-01T00:00:00+03:00' }, propertyPath: expireAt, invalidValue: '2010-01-01T00:00:00+03:00', constraint: { defaultOption: null, requiredOptions: {  }, targets: property, message: 'The value should be in future', payload: null }, cause: null, code: null }
